#-----------------------------------------------------------
# Vivado v2018.3 (64-bit)
# SW Build 2405991 on Thu Dec  6 23:38:27 MST 2018
# IP Build 2404404 on Fri Dec  7 01:43:56 MST 2018
# Start of session at: Fri Nov 22 10:52:58 2019
# Process ID: 1976
# Current directory: C:/Users/andy/Desktop/cod19grp23-master
# Command line: vivado.exe -gui_launcher_event rodinguilauncherevent404 C:\Users\andy\Desktop\cod19grp23-master\thinpad_top.xpr
# Log file: C:/Users/andy/Desktop/cod19grp23-master/vivado.log
# Journal file: C:/Users/andy/Desktop/cod19grp23-master\vivado.jou
#-----------------------------------------------------------
start_gui
open_project C:/Users/andy/Desktop/cod19grp23-master/thinpad_top.xpr
update_compile_order -fileset sources_1
launch_simulation
source top_min_spoc_tb.tcl
current_wave_config {Untitled 1}
add_wave {{/top_min_spoc_tb/top_min_spoc0/top0/regfile1/regs[2]}} 
current_wave_config {Untitled 1}
add_wave {{/top_min_spoc_tb/top_min_spoc0/top0/id0/op3}} 
current_wave_config {Untitled 1}
add_wave {{/top_min_spoc_tb/top_min_spoc0/top0/id0/inst_i}} 
current_wave_config {Untitled 1}
add_wave {{/top_min_spoc_tb/top_min_spoc0/inst_rom0/addr}} 
current_wave_config {Untitled 1}
add_wave {{/top_min_spoc_tb/top_min_spoc0/inst_rom0/inst}} 
close_sim
launch_simulation
source top_min_spoc_tb.tcl
current_wave_config {Untitled 2}
add_wave {{/top_min_spoc_tb/top_min_spoc0/top0/regfile1/regs[2]}} 
close_sim
launch_simulation
source top_min_spoc_tb.tcl
current_wave_config {Untitled 3}
add_wave {{/top_min_spoc_tb/top_min_spoc0/top0/regfile1/regs[2]}} 
close_sim
